
  GET|HEAD        _debugbar/assets/javascript .................................................................................................................................. debugbar.assets.js › Barryvdh\Debugbar › AssetController@js
  GET|HEAD        _debugbar/assets/stylesheets ............................................................................................................................... debugbar.assets.css › Barryvdh\Debugbar › AssetController@css
  DELETE          _debugbar/cache/{key}/{tags?} ......................................................................................................................... debugbar.cache.delete › Barryvdh\Debugbar › CacheController@delete
  GET|HEAD        _debugbar/clockwork/{id} ........................................................................................................................ debugbar.clockwork › Barryvdh\Debugbar › OpenHandlerController@clockwork
  GET|HEAD        _debugbar/open ................................................................................................................................... debugbar.openhandler › Barryvdh\Debugbar › OpenHandlerController@handle
  POST            _ignition/execute-solution ................................................................................................................. ignition.executeSolution › Spatie\LaravelIgnition › ExecuteSolutionController
  GET|HEAD        _ignition/health-check ............................................................................................................................. ignition.healthCheck › Spatie\LaravelIgnition › HealthCheckController
  POST            _ignition/update-config .......................................................................................................................... ignition.updateConfig › Spatie\LaravelIgnition › UpdateConfigController
  GET|HEAD        admin/format ............................................................................................................................ admin.format.index › Modules\Format\Http\Controller\Admin\FormatController@index
  POST            admin/format ............................................................................................................................ admin.format.store › Modules\Format\Http\Controller\Admin\FormatController@store
  GET|HEAD        admin/format/create ................................................................................................................... admin.format.create › Modules\Format\Http\Controller\Admin\FormatController@create
  GET|HEAD        admin/format/{format} ..................................................................................................................... admin.format.show › Modules\Format\Http\Controller\Admin\FormatController@show
  PUT|PATCH       admin/format/{format} ................................................................................................................. admin.format.update › Modules\Format\Http\Controller\Admin\FormatController@update
  DELETE          admin/format/{format} ............................................................................................................... admin.format.destroy › Modules\Format\Http\Controller\Admin\FormatController@destroy
  GET|HEAD        admin/format/{format}/edit ................................................................................................................ admin.format.edit › Modules\Format\Http\Controller\Admin\FormatController@edit
  GET|HEAD        admin/genre ................................................................................................................................ admin.genre.index › Modules\Genre\Http\Controller\Admin\GenreController@index
  POST            admin/genre ................................................................................................................................ admin.genre.store › Modules\Genre\Http\Controller\Admin\GenreController@store
  GET|HEAD        admin/genre/create ....................................................................................................................... admin.genre.create › Modules\Genre\Http\Controller\Admin\GenreController@create
  GET|HEAD        admin/genre/{genre} .......................................................................................................................... admin.genre.show › Modules\Genre\Http\Controller\Admin\GenreController@show
  PUT|PATCH       admin/genre/{genre} ...................................................................................................................... admin.genre.update › Modules\Genre\Http\Controller\Admin\GenreController@update
  DELETE          admin/genre/{genre} .................................................................................................................... admin.genre.destroy › Modules\Genre\Http\Controller\Admin\GenreController@destroy
  GET|HEAD        admin/genre/{genre}/edit ..................................................................................................................... admin.genre.edit › Modules\Genre\Http\Controller\Admin\GenreController@edit
  GET|HEAD        api/user ................................................................................................................................................................................................ Controller@index
  GET|HEAD        sanctum/csrf-cookie .......................................................................................................................................................... Laravel\Sanctum › CsrfCookieController@show

                                                                                                                                                                                                                         Showing [24] routes

